1345#1039#1754#1037#771#629#611#731#676#144#206#531#1062#735#701#1887#96#889#2067#1008#1234#291#385#29#62#80
